
****************************************************************
****************************************************************
**                                                            **
**                                                            **
**        CCC     OO      SSS    M    M     OO      SSS       **
**       C       O  O    S       MM  MM    O  O    S          **
**       C       O  O     SS     M MM M    O  O     SS        **
**       C       O  O       S    M    M    O  O       S       **
**        CCC     OO     SSS     M    M     OO     SSS        **
**                                                            **
**                                                            **
**             SOLIDWORKS Simulation 2024 SP0                 **
**                 Simulation Premium Package                 **
**           Distributed By: SOLIDWORKS Corporation           **
**               21255 Burbank Blvd Suite 400                 **
**               Woodland Hills, California 91367             **
**               Telephone Number (774)556-3100               **
**         Copyright 1988-2018 SOLIDWORKS Corporation         **
**                                                            **
****************************************************************
****************************************************************

Problem name: C:\Users\Admin\Desktop\CAD practice\FEA\
Date        : 06/25/2026     Time:   00:26:41


 SYSTEM OF UNITS:
 International System of Units, SI, is used for all input/output data.
 Common Quantities:
 Length:meter, Mass:kilogram, Time:second, Temperature:kelvin
 Force:newton, Pressure also stress:pascal, Energy:joule, Power:watt

 NUMBER OF PHYSICAL CORES USED TO RUN SIMULATION:  2

  C O N T R O L  I N F O R M A T I O N                  

   CURRENT RESTRAINT SET . . . . . . . . . . . (BC_SET)  =           1

   NUMBER OF LOAD CASES  . . . . . . . . . . . (NLCASE)  =           1
   SOLUTION MODE . . . . . . . . . . . . . . . (MODEX)   =           0
      EQ. 0, STATIC ANALYSIS                              
      EQ. 1, BUCKLING ANALYSIS                            
      EQ. 2, DYNAMIC ANALYSIS                             
      EQ. 3, DROP TEST                                    

   SOLVER TYPE . . . . . . . . . . . . . . . . .(ISOL)   =           2
      EQ. 0, DIRECT SPARSE SOLVER                         
      EQ. 1, DIRECT SKYLINE SOLVER                        
      EQ. 2, ITERATIVE SOLVER                             
      EQ. 3, EXPLICIT INTEGRATION                         
      EQ. 4, LARGE PROBLEM DIRECT SPARSE SOLVER           
      EQ. 5, INTEL DIRECT SPARSE SOLVER                   
      EQ. 6, INTEL NETWORK SPARSE SOLVER                  
      EQ. 7, SINGULAR VALUE DECOMPOSTION (SVD)            

   ITERATIVE SOLUTION MODE . . . . . . . . . . (IMODE)   =           1
      EQ. 1, GENERAL                                      
      EQ. 2, MEMORY SAVER (FOR TETRA10)                   
      EQ. 3, ULTRA-MEMORY SAVER (FOR TETRA10)             

   SOLVER CONVERGENCE TOLERANCE  . . . . . . . (CONVR)   =   0.100E-03

   THERMAL LOADING FLAG . . . . . . . . . . . .(ITHERM)  =           0
      EQ. 0, NO THERMAL EFFECTS CONSIDERED                
      EQ. 1, ADD TEMPERATURE EFFECT                       
   GRAVITY LOADING FLAG . . . . . . . . . . . .(IGRAV)   =           0
      EQ. 0, NO GRAVITY LOADING CONSIDERED                
      EQ. 1, ADD GRAVITY LOADING EFFECT                   
   CENTRIFUGAL LOADING FLAG . . . . . . . . . .(ICNTRF)  =           0
      EQ. 0, NO CENTRIFUGAL LOADING CONSIDERED            
      EQ. 1, ADD CENTRIFUGAL LOADING EFFECT               
   IN-PLANE STIFFENING FLAG . . . . . . . . . .(INPLN)   =           0
      EQ. 0, NO IN-PLANE EFFECTS CONSIDERED               
      EQ. 1, IN-PLANE EFFECTS CONSIDERED                  
   SOFT SPRING ADDITION FLAG . . . . . . . . . (ISOFT)   =           0
      EQ. 0, NO SOFT SPRING OPTION                        
      EQ. 1, SOFT SPRING ADDED                            

   SAVE DECOMPOSED STIFFNESS MATRIX FLAG . . . (ISAVK)   =           0
      EQ. 0, DO NOT SAVE DECOMPOSED K                     
      EQ. 1, SAVE DECOMPOSED K                            
   FORM STIFFNESS MATRIX FLAG . . . . . . . . .(IFORMK)  =           0
      EQ. 0, FORM STIFFNESS MATRIX                        
      EQ. 1, USE EXISTING DECOMPOSED STIFFNESS MATRIX     

   SPIN SOFTENING FLAG . . . . . . . . . . . . (ISPIN)   =           0
      EQ. 0, NO SPIN SOFTENING EFFECTS CONSIDERED         
      EQ. 1, SPIN SOFTENING EFFECTS CONSIDERED            
   INERTIA RELIEF FLAG  . . . . . . . . . . . .(IFORMK)  =           0
      EQ. 0, NO INERITA RELIEF EFFECTS CONSIDERED         
      EQ. 1, INERITA RELIEF EFFECTS CONSIDERED            
   RIGID CONNECTIONS FLAG  . . . . . . . . . . (IRIGID)  =           0
      EQ. 0, HINGE CONNECTIONS BETWEEN SOLIDS & SHELLS    
      EQ. 1, RIGID CONNECTIONS BETWEEN SOLIDS & SHELLS    


  T O T A L  S Y S T E M  D A T A                        
   NUMBER OF EQUATIONS . . . . . . . . . . . . . .(NEQ)  =       36333
   NUMBER OF ELEMENTS. . . . . . . . . . . . . . .(NUME) =        5612
   NUMBER OF NODAL POINTS. . . . . . . . . . . . .(NUMNP)=       12451




************************************************************************
    D I S P L A C E M E N T     P R I N T O U T    (LOAD CASE     1)
************************************************************************




************************************************************************
    D I S P L A C E M E N T     P R I N T O U T    (LOAD CASE     1)
************************************************************************


  STATUS OF THERMAL EFFECTS FOR THIS LOAD CASE:
  ---------------------------------------------

    - Thermal flag is off (no thermal effect)



  S O L U T I O N   T I M E   L O G   I N   S E C
            FOR PROBLEM
     TIME FOR INPUT PHASE  . . . . . . . . . . . . . . =       0
     TIME FOR CALCULATION OF STRUCTURE STIFFNESS MATRIX=       0
     TIME FOR FFEPLUS (PCG ITERATIVE) SOLVER . . . . . =       1

     TIME FOR AL CONTACT (AND/OR LRG DISP) OPERATIONS (Prep) . . .=     108
     ***** ITERATION NUMBER ***** . . . . . . . . =       1
     TIME FOR AL CONTACT (AND/OR LRG DISP) OPERATIONS (Multiplier)=       0
     TIME FOR CALCULATION OF STRUCTURE STIFFNESS MATRIX . . . . . =     414
     TIME FOR FFEPLUS (PCG ITERATIVE) SOLVER . . . . . . . . . . .=     796
     TIME FOR AL CONTACT (AND/OR LRG DISP) OPERATIONS (Convrg chk)=       1

     ***** ITERATION NUMBER ***** . . . . . . . . =       2
     TIME FOR AL CONTACT (AND/OR LRG DISP) OPERATIONS (Multiplier)=       0
     TIME FOR CALCULATION OF STRUCTURE STIFFNESS MATRIX . . . . . =     329
     TIME FOR FFEPLUS (PCG ITERATIVE) SOLVER . . . . . . . . . . .=    1141
     TIME FOR AL CONTACT (AND/OR LRG DISP) OPERATIONS (Convrg chk)=       0

     ***** ITERATION NUMBER ***** . . . . . . . . =       3
     TIME FOR AL CONTACT (AND/OR LRG DISP) OPERATIONS (Multiplier)=       0
     TIME FOR CALCULATION OF STRUCTURE STIFFNESS MATRIX . . . . . =     294
     TIME FOR FFEPLUS (PCG ITERATIVE) SOLVER . . . . . . . . . . .=    1896
     TIME FOR AL CONTACT (AND/OR LRG DISP) OPERATIONS (Convrg chk)=       1



   LOAD FACTOR =   0.5000E+00
   ***************************


             D I S P L A C E M E N T S

     NODE X-DISPL.     Y-DISPL.     Z-DISPL.     XX-ROT.      YY-ROT.      ZZ-ROT.


 MINIMUM/MAXIMUM DISPLACEMENTS

  NODE       171         9413           84            0            0            0
  MIN.  -1.54614E-03 -2.68282E-03 -5.52840E-05   0.0000       0.0000       0.0000    

  NODE       141           95           11            0            0            0
  MAX.   1.45718E-03  9.98478E-05  2.98203E-03   0.0000       0.0000       0.0000    

 MAXIMUM RESULTANT DISPLACEMENT

  NODE        12
  MAX.   3.99586E-03


         R E A C T I O N   F O R C E

  TOTAL   CSYS         FX             FY             FZ
           0       -.1167          999.9         -1000.    

 TOTAL STRAIN ENERGY. . . . . . . . . . . =  0.352797E+01



********************************************************************************
 MAXIMUM NODAL VON MISES STRESS & ERROR ESTIMATE FOR LOAD CASE   1
********************************************************************************

  NODE     10016
  MAX.     0.21405E+10
     TIME FOR AL CONTACT (AND/OR LRG DISP) OPERATIONS (Results) . =     416

     TIME FOR AL CONTACT (AND/OR LRG DISP) OPERATIONS (Prep) . . .=       0
     TIME FOR AL CONTACT (AND/OR LRG DISP) OPERATIONS (Multiplier)=       0
     TIME FOR CALCULATION OF STRUCTURE STIFFNESS MATRIX . . . . . =     362
     TIME FOR FFEPLUS (PCG ITERATIVE) SOLVER . . . . . . . . . . .=    1369
     TIME FOR AL CONTACT (AND/OR LRG DISP) OPERATIONS (Convrg chk)=       0

     ***** ITERATION NUMBER ***** . . . . . . . . =       1
     TIME FOR AL CONTACT (AND/OR LRG DISP) OPERATIONS (Multiplier)=       0
     TIME FOR CALCULATION OF STRUCTURE STIFFNESS MATRIX . . . . . =     348
     TIME FOR FFEPLUS (PCG ITERATIVE) SOLVER . . . . . . . . . . .=     983
     TIME FOR AL CONTACT (AND/OR LRG DISP) OPERATIONS (Convrg chk)=       0

     ***** ITERATION NUMBER ***** . . . . . . . . =       2
     TIME FOR AL CONTACT (AND/OR LRG DISP) OPERATIONS (Multiplier)=       0
     TIME FOR CALCULATION OF STRUCTURE STIFFNESS MATRIX . . . . . =     298
     TIME FOR FFEPLUS (PCG ITERATIVE) SOLVER . . . . . . . . . . .=    1264
     TIME FOR AL CONTACT (AND/OR LRG DISP) OPERATIONS (Convrg chk)=       0

     ***** ITERATION NUMBER ***** . . . . . . . . =       3
     TIME FOR AL CONTACT (AND/OR LRG DISP) OPERATIONS (Multiplier)=       0
     TIME FOR CALCULATION OF STRUCTURE STIFFNESS MATRIX . . . . . =     301
     TIME FOR FFEPLUS (PCG ITERATIVE) SOLVER . . . . . . . . . . .=     788
     TIME FOR AL CONTACT (AND/OR LRG DISP) OPERATIONS (Convrg chk)=       0



   LOAD FACTOR =   0.1000E+01
   ***************************


             D I S P L A C E M E N T S

     NODE X-DISPL.     Y-DISPL.     Z-DISPL.     XX-ROT.      YY-ROT.      ZZ-ROT.


 MINIMUM/MAXIMUM DISPLACEMENTS

  NODE       171         9413           84            0            0            0
  MIN.  -3.06247E-03 -5.04233E-03 -1.06047E-04   0.0000       0.0000       0.0000    

  NODE       141           95           11            0            0            0
  MAX.   2.62375E-03  2.68501E-04  5.72265E-03   0.0000       0.0000       0.0000    

 MAXIMUM RESULTANT DISPLACEMENT

  NODE        12
  MAX.   7.60717E-03


         R E A C T I O N   F O R C E

  TOTAL   CSYS         FX             FY             FZ
           0       -.1129          2000.         -2000.    

 TOTAL STRAIN ENERGY. . . . . . . . . . . =  0.132357E+02



********************************************************************************
 MAXIMUM NODAL VON MISES STRESS & ERROR ESTIMATE FOR LOAD CASE   1
********************************************************************************

  NODE       540
  MAX.     0.40849E+10



   E R R O R    E S T I M A T I O N
   (for requested elements)

   Total Strain Energy (TSE)        =  0.132357E+02
   Total Error Energy (TEE)         =  0.257145E+01
   Ave. Percentage Error (APE)      =  0.297557E+02
     ( APE =  sqrt (TEE/(TSE*2. + TEE)) * 100. )
     TIME FOR AL CONTACT (AND/OR LRG DISP) OPERATIONS (Results) . =     366


   SOLVER TYPE ACTUALLY USED . . . . . . . . . .(FISOL)  =           2
      EQ. 0, DIRECT SPARSE SOLVER                         
      EQ. 1, DIRECT SKYLINE SOLVER                        
      EQ. 2, ITERATIVE SOLVER                             
      EQ. 3, EXPLICIT INTEGRATION                         
      EQ. 4, LARGE PROBLEM DIRECT SPARSE SOLVER           
      EQ. 5, INTEL DIRECT SPARSE SOLVER                   
      EQ. 6, INTEL NETWORK SPARSE SOLVER                  


  S O L U T I O N   T I M E   L O G   I N   S E C
            FOR PROBLEM
     TIME FOR INPUT PHASE  . . . . . . . . . . . . . . =       0
     TIME FOR CALCULATION OF STRUCTURE STIFFNESS MATRIX=       2
     TIME FOR FFEPLUS (PCG ITERATIVE) SOLVER . . . . . =       9
     TIME FOR AL CONTACT (AND/OR LARGE DISP) OPERATIONS=       0
     TIME FOR REACTION FORCE & DISP UPDATE TO POST . . =       0
     TIME FOR STRESS CALCULATION . . . . . . . . . . . =       0
     TIME FOR LOAD CASE SOLUTIONS  . . . . . . . . . . =       0
      T O T A L   S O L U T I O N   T I M E  . . . . . =      14



T O T A L   S O L U T I O N   T I M E (sec) . . . . =      14
   MAXIMUM MEMORY USED IN MEGABYTES . . . . . . (MAXMB)  =          75

